---
source: tests/cli/snapshot_helpers.rs
expression: normalized
---
FastSkill [VERSION]
Installing skills...

Using lock file (4 skills)
Found 4 skills to install
  Installing web-scraper (depth 0)...
  Installing dev-tools (depth 0)...
  Installing local-skill (depth 0)...
  Installing remote-skill (depth 0)...
[OK] Installation complete
   Updated skills.lock
