---
source: tests/cli/snapshot_helpers.rs
expression: normalized
---
FastSkill [VERSION]
Installing skills...

[TIMESTAMP] DEBUG fastskill::cli::config: Using skills_directory from skill-project.toml: [TEMP_DIR]
[TIMESTAMP] DEBUG fastskill::cli::config: Using skills_directory from skill-project.toml: [TEMP_DIR]
[TIMESTAMP]  INFO fastskill::core::service: Initializing FastSkill service v[VERSION]
[TIMESTAMP]  INFO fastskill::storage::filesystem: Initialized filesystem storage at: [TEMP_DIR]
[TIMESTAMP]  INFO fastskill::core::service: Initializing service components...
[TIMESTAMP]  INFO fastskill::storage::filesystem: Filesystem storage initialized at: [TEMP_DIR]
[TIMESTAMP]  INFO fastskill::core::service: Service initialization complete
Found 4 skills to install
  Installing dev-tools...
[TIMESTAMP]  INFO fastskill::storage::git: Cloning repository: https://github.com/org/dev-tools.git
  Installing local-skill...
  Installing remote-skill...
  Installing web-scraper...

[OK] Installation complete
   Updated skills.lock
  [ERROR] Failed to install dev-tools: Git clone failed: Custom error: Git command failed: remote: Repository not found.
fatal: repository 'https://github.com/org/dev-tools.git/' not found

  [ERROR] Failed to install local-skill: Invalid skill source: Local path does not exist: [TEMP_DIR]
  [ERROR] Failed to install remote-skill: Configuration error: ZIP URL installation not yet implemented
  [ERROR] Failed to install web-scraper: Configuration error: Sources manager required for source-based installation
Error: Configuration error: Failed to install 4 skill(s): dev-tools, local-skill, remote-skill, web-scraper
