---
source: tests/cli/snapshot_helpers.rs
expression: normalized
---
FastSkill [VERSION]

Name         Description  Flags                                 
----------------------------------------------------------------
dev-tools    -            missing from folder; missing from lock
web-scraper  -            missing from folder; missing from lock
