---
source: tests/cli/snapshot_helpers.rs
assertion_line: 195
expression: normalized
---
FastSkill [VERSION]
Skill Information

Error: Skill 'nonexistent-skill' not found

Searched locations:
  ✓ [TEMP_DIR] (project)
  ✓ [HOME_DIR]/.claude/skills (global)

Try:
  fastskill install owner/repo
  fastskill list                    # See available skills
