---
source: tests/cli/snapshot_helpers.rs
expression: normalized
---
FastSkill [VERSION]

ID          Version  In manifest  In lock  Installed  Flags            
-----------------------------------------------------------------------
test-skill  [VERSION]    Y            -        Y          missing from lock

