---
source: tests/cli/snapshot_helpers.rs
expression: normalized
---
FastSkill [VERSION]
[TIMESTAMP] DEBUG fastskill::cli::config: Using skills_directory from skill-project.toml: [TEMP_DIR]
[TIMESTAMP]  INFO fastskill::core::service: Initializing FastSkill service v[VERSION]
[TIMESTAMP]  INFO fastskill::storage::filesystem: Initialized filesystem storage at: [TEMP_DIR]
[TIMESTAMP]  INFO fastskill::core::service: Initializing service components...
[TIMESTAMP]  INFO fastskill::storage::filesystem: Filesystem storage initialized at: [TEMP_DIR]
[TIMESTAMP]  INFO fastskill::core::service: Auto-indexed 1 skills from filesystem
[TIMESTAMP]  INFO fastskill::core::service: Service initialization complete
Reading: body-skill
Base directory: [TEMP_DIR]

---
name: body-skill
description: Skill for testing body content display
version: [VERSION]
tags: [test, body]
---
# Body Skill

This skill has comprehensive body content for testing.

## Features

This skill demonstrates:
- Markdown rendering
- Multiple sections
- Code blocks
- Lists and tables

## Usage

Used to verify that skill body content is properly displayed in the CLI read command.

## Installation

Install this skill to test body content rendering.

## Examples

Example usage showing that the skill body should be displayed correctly.

Skill read: body-skill
