---
source: tests/cli/snapshot_helpers.rs
expression: normalized
---
Search installed skills by query (local semantic search)

Usage: fastskill search [OPTIONS] <QUERY>

Arguments:
  <QUERY>  Search query over installed skills (local semantic search)

Options:
  -l, --limit <LIMIT>          Maximum number of results (default: 10) [default: 10]
  -f, --format <FORMAT>        Output format (table, json, xml) [default: table]
      --embedding <EMBEDDING>  Use embedding search (true), text search only (false), or auto-detect (not specified) [possible values: true, false]
  -h, --help                   Print help

Examples:
  fastskill search "text processing"
  fastskill search "query" -l 5 -f json
