---
source: tests/cli/snapshot_helpers.rs
expression: normalized
---
FastSkill [VERSION]
[TIMESTAMP] DEBUG fastskill::cli::config: Using skills_directory from skill-project.toml: [TEMP_DIR]
[TIMESTAMP]  INFO fastskill::core::service: Initializing FastSkill service v[VERSION]
[TIMESTAMP]  INFO fastskill::storage::filesystem: Initialized filesystem storage at: [TEMP_DIR]
[TIMESTAMP]  INFO fastskill::core::service: Initializing service components...
[TIMESTAMP]  INFO fastskill::storage::filesystem: Filesystem storage initialized at: [TEMP_DIR]
[TIMESTAMP]  INFO fastskill::core::service: Service initialization complete
[INFO] No skills (manifest is empty and nothing installed)
