---
source: crates/fastskill-cli/../../tests/cli/snapshot_helpers.rs
assertion_line: 262
expression: normalized
---
Add a skill (from local path, zip, git URL, or registry ID)

Usage: fastskill add [OPTIONS] <source>

Arguments:
  <source>  Source: path to zip file, folder, git URL, or skill ID (e.g., pptx@[VERSION])

Options:
      --skills-dir <skills-dir>    Override the skills directory path
      --source-type <source-type>  Override source type (registry, github/git, local)
      --branch <branch>            Git branch to checkout (only for git URLs)
      --global                     Use global skills directory (~/.config/fastskill/skills)
      --tag <tag>                  Git tag to checkout (only for git URLs)
  -v, --verbose                    Enable verbose output
  -f, --force                      Force registration even if skill already exists
  -e, --editable                   Install skill in editable mode (for local development)
      --group <group>              Add skill to a specific group
  -r, --recursive                  Add all skills found under the directory (only for local folders)
      --reindex                    Trigger reindex after adding (overrides config)
      --no-reindex                 Skip reindex after adding
  -h, --help                       Print help
  -V, --version                    Print version

Syntax: add <SOURCE> [OPTIONS]
