---
source: tests/cli/snapshot_helpers.rs
assertion_line: 195
expression: normalized
---
FastSkill [VERSION]
Updating skills...


Skills that would be updated:

  • remote-skill (from ZipUrl { base_url: "https://example.com/skill.zip", version: None })
  • web-scraper (from Source { name: "default", skill: "web-scraper", version: Some("[VERSION]") })
  • local-skill (from Local { path: "./local-skill", editable: false })
  • dev-tools (from Git { url: "https://github.com/org/dev-tools.git", branch: Some("main"), tag: None, subdir: None })
