---
source: tests/cli/snapshot_helpers.rs
expression: normalized
---
FastSkill [VERSION]

ID          Name        Description  Version  Manifest  Lock  Installed  Source Path                                         Type  Flags            
----------------------------------------------------------------------------------------------------------------------------------------------------
test-skill  test-skill  Test skill   [VERSION]    Y         -     Y          [TEMP_DIR]  -     missing from lock
