---
source: crates/fastskill-cli/../../tests/cli/snapshot_helpers.rs
assertion_line: 331
expression: normalized
---
Error: Configuration error: Skills directory does not exist: [TEMP_DIR]

--skills-dir must point to an existing directory. Create it first, or omit --skills-dir to use the default location.
