---
source: crates/fastskill-cli/../../tests/cli/snapshot_helpers.rs
assertion_line: 341
expression: normalized
---
Remove installed skills and their managed ownership

Usage: fastskill skill remove [OPTIONS] [skill-ids]...

Arguments:
  [skill-ids]...  Skill IDs to remove

Options:
  -f, --force                    Force removal without confirmation
      --skills-dir <skills-dir>  Override the installation directory for this invocation
      --global                   Use global skills directory (~/.config/fastskill/skills)
      --reindex                  Trigger reindex after removal (overrides config)
      --no-reindex               Skip reindex after removal
  -v, --verbose                  Enable verbose output
      --dry-run                  Validate and preview without changing managed state
      --json                     Emit one machine-readable lifecycle result
  -h, --help                     Print help
  -V, --version                  Print version

Syntax: skill remove <SKILL_ID>... [OPTIONS]

Examples:
  fastskill skill remove pptx
  fastskill skill remove pptx docx --force
