---
source: tests/cli/snapshot_helpers.rs
expression: normalized
---
FastSkill [VERSION]

ID           Name         Description  Flags                                 
-----------------------------------------------------------------------------
dev-tools    dev-tools    -            missing from folder; missing from lock
web-scraper  web-scraper  -            missing from folder; missing from lock
