---
source: tests/cli/snapshot_helpers.rs
expression: normalized
---
FastSkill [VERSION]
Installing skills...

Found 1 skills to install
  Installing invalid skill id!...

[OK] Installation complete
   Updated skills.lock
  [ERROR] Failed to install invalid skill id!: Configuration error: Sources manager required for source-based installation
Error: Configuration error: Failed to install 1 skill(s): invalid skill id!
