---
source: tests/cli/snapshot_helpers.rs
expression: normalized
---
FastSkill [VERSION]
Installing skills...

Found 4 skills to install
  Installing dev-tools...
  Installing local-skill...
  Installing remote-skill...
  Installing web-scraper...

[OK] Installation complete
   Updated skills.lock
  [ERROR] Failed to install dev-tools: Git clone failed: Custom error: Git command failed: remote: Repository not found.
fatal: repository 'https://github.com/org/dev-tools.git/' not found

  [ERROR] Failed to install local-skill: Invalid skill source: Local path does not exist: [TEMP_DIR]
  [ERROR] Failed to install remote-skill: Configuration error: ZIP URL installation not yet implemented
  [ERROR] Failed to install web-scraper: Configuration error: Sources manager required for source-based installation
Error: Configuration error: Failed to install 4 skill(s): dev-tools, local-skill, remote-skill, web-scraper
